base exp072 lat_rmse=2.680753 mse=7.186439
last_n10_d0_s0.25 lat_rmse=2.583930 mse=6.676694
last_n10_d0_s0.5 lat_rmse=2.538890 mse=6.445961
last_n10_d0_s0.75 lat_rmse=2.548383 mse=6.494253
last_n10_d0_s1 lat_rmse=2.611822 mse=6.821612
last_n10_d250_s0.25 lat_rmse=2.672803 mse=7.143877
last_n10_d250_s0.5 lat_rmse=2.666093 mse=7.108051
last_n10_d250_s0.75 lat_rmse=2.660633 mse=7.078967
last_n10_d250_s1 lat_rmse=2.656430 mse=7.056622
last_n10_d500_s0.25 lat_rmse=2.666425 mse=7.109822
last_n10_d500_s0.5 lat_rmse=2.654563 mse=7.046703
last_n10_d500_s0.75 lat_rmse=2.645201 mse=6.997088
last_n10_d500_s1 lat_rmse=2.638367 mse=6.960981
last_n10_d1000_s0.25 lat_rmse=2.655625 mse=7.052343
last_n10_d1000_s0.5 lat_rmse=2.635390 mse=6.945282
last_n10_d1000_s0.75 lat_rmse=2.620164 mse=6.865258
last_n10_d1000_s1 lat_rmse=2.610032 mse=6.812269
last_n10_d2000_s0.25 lat_rmse=2.639034 mse=6.964502
last_n10_d2000_s0.5 lat_rmse=2.606967 mse=6.796277
last_n10_d2000_s0.75 lat_rmse=2.584920 mse=6.681812
last_n10_d2000_s1 lat_rmse=2.573146 mse=6.621078
last_n10_d5000_s0.25 lat_rmse=2.614290 mse=6.834510
last_n10_d5000_s0.5 lat_rmse=2.569083 mse=6.600187
last_n10_d5000_s0.75 lat_rmse=2.546265 mse=6.483464
last_n10_d5000_s1 lat_rmse=2.546436 mse=6.484338
late_mean_n10_d0_s0.25 lat_rmse=2.584221 mse=6.678200
late_mean_n10_d0_s0.5 lat_rmse=2.539353 mse=6.448312
late_mean_n10_d0_s0.75 lat_rmse=2.548793 mse=6.496344
late_mean_n10_d0_s1 lat_rmse=2.612036 mse=6.822730
late_mean_n10_d250_s0.25 lat_rmse=2.672829 mse=7.144017
late_mean_n10_d250_s0.5 lat_rmse=2.666140 mse=7.108304
late_mean_n10_d250_s0.75 lat_rmse=2.660696 mse=7.079303
late_mean_n10_d250_s1 lat_rmse=2.656505 mse=7.057017
late_mean_n10_d500_s0.25 lat_rmse=2.666472 mse=7.110075
late_mean_n10_d500_s0.5 lat_rmse=2.654648 mse=7.047156
late_mean_n10_d500_s0.75 lat_rmse=2.645314 mse=6.997684
late_mean_n10_d500_s1 lat_rmse=2.638497 mse=6.961665
late_mean_n10_d1000_s0.25 lat_rmse=2.655714 mse=7.052815
late_mean_n10_d1000_s0.5 lat_rmse=2.635548 mse=6.946114
late_mean_n10_d1000_s0.75 lat_rmse=2.620371 mse=6.866345
late_mean_n10_d1000_s1 lat_rmse=2.610268 mse=6.813501
late_mean_n10_d2000_s0.25 lat_rmse=2.639180 mse=6.965273
late_mean_n10_d2000_s0.5 lat_rmse=2.607227 mse=6.797633
late_mean_n10_d2000_s0.75 lat_rmse=2.585249 mse=6.683512
late_mean_n10_d2000_s1 lat_rmse=2.573501 mse=6.622908
late_mean_n10_d5000_s0.25 lat_rmse=2.614510 mse=6.835660
late_mean_n10_d5000_s0.5 lat_rmse=2.569444 mse=6.602045
late_mean_n10_d5000_s0.75 lat_rmse=2.546682 mse=6.485591
late_mean_n10_d5000_s1 lat_rmse=2.546822 mse=6.486303
late_mean_n25_d0_s0.25 lat_rmse=2.584422 mse=6.679239
late_mean_n25_d0_s0.5 lat_rmse=2.539355 mse=6.448323
late_mean_n25_d0_s0.75 lat_rmse=2.548304 mse=6.493851
late_mean_n25_d0_s1 lat_rmse=2.610680 mse=6.815648
late_mean_n25_d250_s0.25 lat_rmse=2.672875 mse=7.144259
late_mean_n25_d250_s0.5 lat_rmse=2.666220 mse=7.108730
late_mean_n25_d250_s0.75 lat_rmse=2.660800 mse=7.079857
late_mean_n25_d250_s1 lat_rmse=2.656621 mse=7.057636
late_mean_n25_d500_s0.25 lat_rmse=2.666545 mse=7.110464
late_mean_n25_d500_s0.5 lat_rmse=2.654772 mse=7.047813
late_mean_n25_d500_s0.75 lat_rmse=2.645467 mse=6.998497
late_mean_n25_d500_s1 lat_rmse=2.638658 mse=6.962515
late_mean_n25_d1000_s0.25 lat_rmse=2.655830 mse=7.053432
late_mean_n25_d1000_s0.5 lat_rmse=2.635738 mse=6.947117
late_mean_n25_d1000_s0.75 lat_rmse=2.620591 mse=6.867499
late_mean_n25_d1000_s1 lat_rmse=2.610474 mse=6.814573
late_mean_n25_d2000_s0.25 lat_rmse=2.639342 mse=6.966128
late_mean_n25_d2000_s0.5 lat_rmse=2.607469 mse=6.798893
late_mean_n25_d2000_s0.75 lat_rmse=2.585480 mse=6.684709
late_mean_n25_d2000_s1 lat_rmse=2.573635 mse=6.623595
late_mean_n25_d5000_s0.25 lat_rmse=2.614702 mse=6.836665
late_mean_n25_d5000_s0.5 lat_rmse=2.569654 mse=6.603120
late_mean_n25_d5000_s0.75 lat_rmse=2.546722 mse=6.485795
late_mean_n25_d5000_s1 lat_rmse=2.546507 mse=6.484697
late_mean_n50_d0_s0.25 lat_rmse=2.584018 mse=6.677151
late_mean_n50_d0_s0.5 lat_rmse=2.537921 mse=6.441042
late_mean_n50_d0_s0.75 lat_rmse=2.545170 mse=6.477889
late_mean_n50_d0_s1 lat_rmse=2.605317 mse=6.787676
late_mean_n50_d250_s0.25 lat_rmse=2.672961 mse=7.144719
late_mean_n50_d250_s0.5 lat_rmse=2.666373 mse=7.109548
late_mean_n50_d250_s0.75 lat_rmse=2.661001 mse=7.080926
late_mean_n50_d250_s1 lat_rmse=2.656851 mse=7.058855
late_mean_n50_d500_s0.25 lat_rmse=2.666659 mse=7.111072
late_mean_n50_d500_s0.5 lat_rmse=2.654962 mse=7.048824
late_mean_n50_d500_s0.75 lat_rmse=2.645694 mse=6.999698
late_mean_n50_d500_s1 lat_rmse=2.638883 mse=6.963703
late_mean_n50_d1000_s0.25 lat_rmse=2.655951 mse=7.054073
late_mean_n50_d1000_s0.5 lat_rmse=2.635903 mse=6.947985
late_mean_n50_d1000_s0.75 lat_rmse=2.620721 mse=6.868177
late_mean_n50_d1000_s1 lat_rmse=2.610487 mse=6.814645
late_mean_n50_d2000_s0.25 lat_rmse=2.639406 mse=6.966466
late_mean_n50_d2000_s0.5 lat_rmse=2.607440 mse=6.798742
late_mean_n50_d2000_s0.75 lat_rmse=2.585199 mse=6.683254
late_mean_n50_d2000_s1 lat_rmse=2.572937 mse=6.620006
late_mean_n50_d5000_s0.25 lat_rmse=2.614602 mse=6.836142
late_mean_n50_d5000_s0.5 lat_rmse=2.569122 mse=6.600386
late_mean_n50_d5000_s0.75 lat_rmse=2.545423 mse=6.479178
late_mean_n50_d5000_s1 lat_rmse=2.544114 mse=6.472515
late_mean_n100_d0_s0.25 lat_rmse=2.582814 mse=6.670926
late_mean_n100_d0_s0.5 lat_rmse=2.535148 mse=6.426974
late_mean_n100_d0_s0.75 lat_rmse=2.540626 mse=6.454780
late_mean_n100_d0_s1 lat_rmse=2.598872 mse=6.754137
late_mean_n100_d250_s0.25 lat_rmse=2.673131 mse=7.145628
late_mean_n100_d250_s0.5 lat_rmse=2.666706 mse=7.111319
late_mean_n100_d250_s0.75 lat_rmse=2.661487 mse=7.083514
late_mean_n100_d250_s1 lat_rmse=2.657482 mse=7.062210
late_mean_n100_d500_s0.25 lat_rmse=2.666872 mse=7.112206
late_mean_n100_d500_s0.5 lat_rmse=2.655370 mse=7.050991
late_mean_n100_d500_s0.75 lat_rmse=2.646282 mse=7.002809
late_mean_n100_d500_s1 lat_rmse=2.639633 mse=6.967665
late_mean_n100_d1000_s0.25 lat_rmse=2.656116 mse=7.054954
late_mean_n100_d1000_s0.5 lat_rmse=2.636199 mse=6.949545
late_mean_n100_d1000_s0.75 lat_rmse=2.621113 mse=6.870232
late_mean_n100_d1000_s1 lat_rmse=2.610940 mse=6.817010
late_mean_n100_d2000_s0.25 lat_rmse=2.639336 mse=6.966093
late_mean_n100_d2000_s0.5 lat_rmse=2.607224 mse=6.797618
late_mean_n100_d2000_s0.75 lat_rmse=2.584766 mse=6.681017
late_mean_n100_d2000_s1 lat_rmse=2.572215 mse=6.616289
late_mean_n100_d5000_s0.25 lat_rmse=2.614056 mse=6.833288
late_mean_n100_d5000_s0.5 lat_rmse=2.567870 mse=6.593955
late_mean_n100_d5000_s0.75 lat_rmse=2.543312 mse=6.468434
late_mean_n100_d5000_s1 lat_rmse=2.541009 mse=6.456726
late_mean_n200_d0_s0.25 lat_rmse=2.585143 mse=6.682965
late_mean_n200_d0_s0.5 lat_rmse=2.539355 mse=6.448323
late_mean_n200_d0_s0.75 lat_rmse=2.546045 mse=6.482345
late_mean_n200_d0_s1 lat_rmse=2.604862 mse=6.785305
late_mean_n200_d250_s0.25 lat_rmse=2.673546 mse=7.147846
late_mean_n200_d250_s0.5 lat_rmse=2.667530 mse=7.115717
late_mean_n200_d250_s0.75 lat_rmse=2.662715 mse=7.090050
late_mean_n200_d250_s1 lat_rmse=2.659106 mse=7.070846
late_mean_n200_d500_s0.25 lat_rmse=2.667499 mse=7.115553
late_mean_n200_d500_s0.5 lat_rmse=2.656615 mse=7.057606
late_mean_n200_d500_s0.75 lat_rmse=2.648134 mse=7.012614
late_mean_n200_d500_s1 lat_rmse=2.642077 mse=6.980573
late_mean_n200_d1000_s0.25 lat_rmse=2.656877 mse=7.058996
late_mean_n200_d1000_s0.5 lat_rmse=2.637705 mse=6.957488
late_mean_n200_d1000_s0.75 lat_rmse=2.623337 mse=6.881896
late_mean_n200_d1000_s1 lat_rmse=2.613853 mse=6.832230
late_mean_n200_d2000_s0.25 lat_rmse=2.640235 mse=6.970842
late_mean_n200_d2000_s0.5 lat_rmse=2.608984 mse=6.806797
late_mean_n200_d2000_s0.75 lat_rmse=2.587333 mse=6.694294
late_mean_n200_d2000_s1 lat_rmse=2.575525 mse=6.633327
late_mean_n200_d5000_s0.25 lat_rmse=2.615422 mse=6.840434
late_mean_n200_d5000_s0.5 lat_rmse=2.570479 mse=6.607362
late_mean_n200_d5000_s0.75 lat_rmse=2.547004 mse=6.487232
late_mean_n200_d5000_s1 lat_rmse=2.545593 mse=6.480044
late_median_n10_d0_s0.25 lat_rmse=2.584244 mse=6.678315
late_median_n10_d0_s0.5 lat_rmse=2.539377 mse=6.448437
late_median_n10_d0_s0.75 lat_rmse=2.548892 mse=6.496853
late_median_n10_d0_s1 lat_rmse=2.612169 mse=6.823425
late_median_n10_d250_s0.25 lat_rmse=2.672828 mse=7.144012
late_median_n10_d250_s0.5 lat_rmse=2.666139 mse=7.108298
late_median_n10_d250_s0.75 lat_rmse=2.660695 mse=7.079297
late_median_n10_d250_s1 lat_rmse=2.656503 mse=7.057011
late_median_n10_d500_s0.25 lat_rmse=2.666471 mse=7.110070
late_median_n10_d500_s0.5 lat_rmse=2.654647 mse=7.047150
late_median_n10_d500_s0.75 lat_rmse=2.645313 mse=6.997680
late_median_n10_d500_s1 lat_rmse=2.638497 mse=6.961667
late_median_n10_d1000_s0.25 lat_rmse=2.655713 mse=7.052813
late_median_n10_d1000_s0.5 lat_rmse=2.635549 mse=6.946118
late_median_n10_d1000_s0.75 lat_rmse=2.620374 mse=6.866360
late_median_n10_d1000_s1 lat_rmse=2.610275 mse=6.813537
late_median_n10_d2000_s0.25 lat_rmse=2.639182 mse=6.965282
late_median_n10_d2000_s0.5 lat_rmse=2.607233 mse=6.797664
late_median_n10_d2000_s0.75 lat_rmse=2.585263 mse=6.683582
late_median_n10_d2000_s1 lat_rmse=2.573525 mse=6.623032
late_median_n10_d5000_s0.25 lat_rmse=2.614516 mse=6.835692
late_median_n10_d5000_s0.5 lat_rmse=2.569463 mse=6.602139
late_median_n10_d5000_s0.75 lat_rmse=2.546720 mse=6.485780
late_median_n10_d5000_s1 lat_rmse=2.546884 mse=6.486618
late_median_n25_d0_s0.25 lat_rmse=2.584539 mse=6.679840
late_median_n25_d0_s0.5 lat_rmse=2.539684 mse=6.449996
late_median_n25_d0_s0.75 lat_rmse=2.548918 mse=6.496983
late_median_n25_d0_s1 lat_rmse=2.611674 mse=6.820839
late_median_n25_d250_s0.25 lat_rmse=2.672873 mse=7.144250
late_median_n25_d250_s0.5 lat_rmse=2.666219 mse=7.108724
late_median_n25_d250_s0.75 lat_rmse=2.660802 mse=7.079865
late_median_n25_d250_s1 lat_rmse=2.656628 mse=7.057672
late_median_n25_d500_s0.25 lat_rmse=2.666546 mse=7.110467
late_median_n25_d500_s0.5 lat_rmse=2.654778 mse=7.047846
late_median_n25_d500_s0.75 lat_rmse=2.645483 mse=6.998583
late_median_n25_d500_s1 lat_rmse=2.638689 mse=6.962681
late_median_n25_d1000_s0.25 lat_rmse=2.655840 mse=7.053484
late_median_n25_d1000_s0.5 lat_rmse=2.635768 mse=6.947273
late_median_n25_d1000_s0.75 lat_rmse=2.620650 mse=6.867807
late_median_n25_d1000_s1 lat_rmse=2.610572 mse=6.815087
late_median_n25_d2000_s0.25 lat_rmse=2.639371 mse=6.966280
late_median_n25_d2000_s0.5 lat_rmse=2.607546 mse=6.799297
late_median_n25_d2000_s0.75 lat_rmse=2.585627 mse=6.685465
late_median_n25_d2000_s1 lat_rmse=2.573869 mse=6.624803
late_median_n25_d5000_s0.25 lat_rmse=2.614762 mse=6.836982
late_median_n25_d5000_s0.5 lat_rmse=2.569819 mse=6.603971
late_median_n25_d5000_s0.75 lat_rmse=2.547036 mse=6.487392
late_median_n25_d5000_s1 lat_rmse=2.547010 mse=6.487258
late_median_n50_d0_s0.25 lat_rmse=2.584585 mse=6.680081
late_median_n50_d0_s0.5 lat_rmse=2.539299 mse=6.448042
late_median_n50_d0_s0.75 lat_rmse=2.547632 mse=6.490429
late_median_n50_d0_s1 lat_rmse=2.609050 mse=6.807142
late_median_n50_d250_s0.25 lat_rmse=2.672955 mse=7.144690
late_median_n50_d250_s0.5 lat_rmse=2.666368 mse=7.109520
late_median_n50_d250_s0.75 lat_rmse=2.661003 mse=7.080936
late_median_n50_d250_s1 lat_rmse=2.656866 mse=7.058939
late_median_n50_d500_s0.25 lat_rmse=2.666665 mse=7.111104
late_median_n50_d500_s0.5 lat_rmse=2.654987 mse=7.048956
late_median_n50_d500_s0.75 lat_rmse=2.645751 mse=7.000001
late_median_n50_d500_s1 lat_rmse=2.638986 mse=6.964245
late_median_n50_d1000_s0.25 lat_rmse=2.656001 mse=7.054342
late_median_n50_d1000_s0.5 lat_rmse=2.636032 mse=6.948663
late_median_n50_d1000_s0.75 lat_rmse=2.620953 mse=6.869396
late_median_n50_d1000_s1 lat_rmse=2.610852 mse=6.816551
late_median_n50_d2000_s0.25 lat_rmse=2.639551 mse=6.967230
late_median_n50_d2000_s0.5 lat_rmse=2.607785 mse=6.800545
late_median_n50_d2000_s0.75 lat_rmse=2.585802 mse=6.686370
late_median_n50_d2000_s1 lat_rmse=2.573852 mse=6.624712
late_median_n50_d5000_s0.25 lat_rmse=2.614907 mse=6.837736
late_median_n50_d5000_s0.5 lat_rmse=2.569855 mse=6.604157
late_median_n50_d5000_s0.75 lat_rmse=2.546707 mse=6.485717
late_median_n50_d5000_s1 lat_rmse=2.546057 mse=6.482407
late_median_n100_d0_s0.25 lat_rmse=2.582587 mse=6.669757
late_median_n100_d0_s0.5 lat_rmse=2.534698 mse=6.424696
late_median_n100_d0_s0.75 lat_rmse=2.539956 mse=6.451377
late_median_n100_d0_s1 lat_rmse=2.598022 mse=6.749717
late_median_n100_d250_s0.25 lat_rmse=2.673149 mse=7.145724
late_median_n100_d250_s0.5 lat_rmse=2.666740 mse=7.111503
late_median_n100_d250_s0.75 lat_rmse=2.661537 mse=7.083780
late_median_n100_d250_s1 lat_rmse=2.657547 mse=7.062554
late_median_n100_d500_s0.25 lat_rmse=2.666888 mse=7.112293
late_median_n100_d500_s0.5 lat_rmse=2.655400 mse=7.051151
late_median_n100_d500_s0.75 lat_rmse=2.646324 mse=7.003029
late_median_n100_d500_s1 lat_rmse=2.639684 mse=6.967930
late_median_n100_d1000_s0.25 lat_rmse=2.656106 mse=7.054898
late_median_n100_d1000_s0.5 lat_rmse=2.636174 mse=6.949416
late_median_n100_d1000_s0.75 lat_rmse=2.621068 mse=6.869999
late_median_n100_d1000_s1 lat_rmse=2.610871 mse=6.816647
late_median_n100_d2000_s0.25 lat_rmse=2.639268 mse=6.965736
late_median_n100_d2000_s0.5 lat_rmse=2.607077 mse=6.796852
late_median_n100_d2000_s0.75 lat_rmse=2.584530 mse=6.679793
late_median_n100_d2000_s1 lat_rmse=2.571878 mse=6.614557
late_median_n100_d5000_s0.25 lat_rmse=2.613906 mse=6.832504
late_median_n100_d5000_s0.5 lat_rmse=2.567547 mse=6.592296
late_median_n100_d5000_s0.75 lat_rmse=2.542797 mse=6.465818
late_median_n100_d5000_s1 lat_rmse=2.540288 mse=6.453063
late_median_n200_d0_s0.25 lat_rmse=2.585826 mse=6.686498
late_median_n200_d0_s0.5 lat_rmse=2.542930 mse=6.466495
late_median_n200_d0_s0.75 lat_rmse=2.554726 mse=6.526627
late_median_n200_d0_s1 lat_rmse=2.620446 mse=6.866738
late_median_n200_d250_s0.25 lat_rmse=2.673550 mse=7.147868
late_median_n200_d250_s0.5 lat_rmse=2.667592 mse=7.116047
late_median_n200_d250_s0.75 lat_rmse=2.662888 mse=7.090974
late_median_n200_d250_s1 lat_rmse=2.659446 mse=7.072652
late_median_n200_d500_s0.25 lat_rmse=2.667516 mse=7.115640
late_median_n200_d500_s0.5 lat_rmse=2.656757 mse=7.058357
late_median_n200_d500_s0.75 lat_rmse=2.648509 mse=7.014600
late_median_n200_d500_s1 lat_rmse=2.642796 mse=6.984371
late_median_n200_d1000_s0.25 lat_rmse=2.656985 mse=7.059568
late_median_n200_d1000_s0.5 lat_rmse=2.638139 mse=6.959779
late_median_n200_d1000_s0.75 lat_rmse=2.624322 mse=6.887064
late_median_n200_d1000_s1 lat_rmse=2.615612 mse=6.841426
late_median_n200_d2000_s0.25 lat_rmse=2.640502 mse=6.972253
late_median_n200_d2000_s0.5 lat_rmse=2.609958 mse=6.811880
late_median_n200_d2000_s0.75 lat_rmse=2.589467 mse=6.705341
late_median_n200_d2000_s1 lat_rmse=2.579268 mse=6.652625
late_median_n200_d5000_s0.25 lat_rmse=2.615851 mse=6.842675
late_median_n200_d5000_s0.5 lat_rmse=2.572310 mse=6.616777
late_median_n200_d5000_s0.75 lat_rmse=2.551227 mse=6.508758
late_median_n200_d5000_s1 lat_rmse=2.553157 mse=6.518611
wls_n10_d0_s0.25 lat_rmse=2.584121 mse=6.677680
wls_n10_d0_s0.5 lat_rmse=2.539190 mse=6.447487
wls_n10_d0_s0.75 lat_rmse=2.548654 mse=6.495639
wls_n10_d0_s1 lat_rmse=2.611972 mse=6.822396
wls_n10_d250_s0.25 lat_rmse=2.672819 mse=7.143963
wls_n10_d250_s0.5 lat_rmse=2.666122 mse=7.108205
wls_n10_d250_s0.75 lat_rmse=2.660671 mse=7.079170
wls_n10_d250_s1 lat_rmse=2.656475 mse=7.056859
wls_n10_d500_s0.25 lat_rmse=2.666454 mse=7.109977
wls_n10_d500_s0.5 lat_rmse=2.654615 mse=7.046979
wls_n10_d500_s0.75 lat_rmse=2.645269 mse=6.997449
wls_n10_d500_s1 lat_rmse=2.638445 mse=6.961394
wls_n10_d1000_s0.25 lat_rmse=2.655680 mse=7.052635
wls_n10_d1000_s0.5 lat_rmse=2.635488 mse=6.945797
wls_n10_d1000_s0.75 lat_rmse=2.620292 mse=6.865929
wls_n10_d1000_s1 lat_rmse=2.610178 mse=6.813028
wls_n10_d2000_s0.25 lat_rmse=2.639126 mse=6.964984
wls_n10_d2000_s0.5 lat_rmse=2.607130 mse=6.797128
wls_n10_d2000_s0.75 lat_rmse=2.585126 mse=6.682876
wls_n10_d2000_s1 lat_rmse=2.573368 mse=6.622224
wls_n10_d5000_s0.25 lat_rmse=2.614430 mse=6.835243
wls_n10_d5000_s0.5 lat_rmse=2.569314 mse=6.601372
wls_n10_d5000_s0.75 lat_rmse=2.546533 mse=6.484828
wls_n10_d5000_s1 lat_rmse=2.546687 mse=6.485613
wls_n25_d0_s0.25 lat_rmse=2.584304 mse=6.678629
wls_n25_d0_s0.5 lat_rmse=2.539292 mse=6.448006
wls_n25_d0_s0.75 lat_rmse=2.548475 mse=6.494724
wls_n25_d0_s1 lat_rmse=2.611227 mse=6.818507
wls_n25_d250_s0.25 lat_rmse=2.672850 mse=7.144127
wls_n25_d250_s0.5 lat_rmse=2.666176 mse=7.108494
wls_n25_d250_s0.75 lat_rmse=2.660741 mse=7.079544
wls_n25_d250_s1 lat_rmse=2.656554 mse=7.057277
wls_n25_d500_s0.25 lat_rmse=2.666505 mse=7.110249
wls_n25_d500_s0.5 lat_rmse=2.654702 mse=7.047445
wls_n25_d500_s0.75 lat_rmse=2.645379 mse=6.998029
wls_n25_d500_s1 lat_rmse=2.638561 mse=6.962007
wls_n25_d1000_s0.25 lat_rmse=2.655766 mse=7.053091
wls_n25_d1000_s0.5 lat_rmse=2.635631 mse=6.946551
wls_n25_d1000_s0.75 lat_rmse=2.620461 mse=6.866818
wls_n25_d1000_s1 lat_rmse=2.610344 mse=6.813897
wls_n25_d2000_s0.25 lat_rmse=2.639251 mse=6.965648
wls_n25_d2000_s0.5 lat_rmse=2.607329 mse=6.798164
wls_n25_d2000_s0.75 lat_rmse=2.585334 mse=6.683952
wls_n25_d2000_s1 lat_rmse=2.573525 mse=6.623033
wls_n25_d5000_s0.25 lat_rmse=2.614593 mse=6.836094
wls_n25_d5000_s0.5 lat_rmse=2.569520 mse=6.602434
wls_n25_d5000_s0.75 lat_rmse=2.546656 mse=6.485455
wls_n25_d5000_s1 lat_rmse=2.546598 mse=6.485161
wls_n50_d0_s0.25 lat_rmse=2.584151 mse=6.677838
wls_n50_d0_s0.5 lat_rmse=2.538481 mse=6.443888
wls_n50_d0_s0.75 lat_rmse=2.546432 mse=6.484315
wls_n50_d0_s1 lat_rmse=2.607558 mse=6.799359
wls_n50_d250_s0.25 lat_rmse=2.672905 mse=7.144424
wls_n50_d250_s0.5 lat_rmse=2.666272 mse=7.109005
wls_n50_d250_s0.75 lat_rmse=2.660862 mse=7.080185
wls_n50_d250_s1 lat_rmse=2.656683 mse=7.057966
wls_n50_d500_s0.25 lat_rmse=2.666583 mse=7.110665
wls_n50_d500_s0.5 lat_rmse=2.654827 mse=7.048108
wls_n50_d500_s0.75 lat_rmse=2.645520 mse=6.998775
wls_n50_d500_s1 lat_rmse=2.638687 mse=6.962669
wls_n50_d1000_s0.25 lat_rmse=2.655861 mse=7.053597
wls_n50_d1000_s0.5 lat_rmse=2.635761 mse=6.947236
wls_n50_d1000_s0.75 lat_rmse=2.620562 mse=6.867347
wls_n50_d1000_s1 lat_rmse=2.610352 mse=6.813938
wls_n50_d2000_s0.25 lat_rmse=2.639337 mse=6.966100
wls_n50_d2000_s0.5 lat_rmse=2.607373 mse=6.798394
wls_n50_d2000_s0.75 lat_rmse=2.585212 mse=6.683320
wls_n50_d2000_s1 lat_rmse=2.573106 mse=6.620875
wls_n50_d5000_s0.25 lat_rmse=2.614604 mse=6.836154
wls_n50_d5000_s0.5 lat_rmse=2.569281 mse=6.601207
wls_n50_d5000_s0.75 lat_rmse=2.545898 mse=6.481596
wls_n50_d5000_s1 lat_rmse=2.545058 mse=6.477321
wls_n100_d0_s0.25 lat_rmse=2.583314 mse=6.673510
wls_n100_d0_s0.5 lat_rmse=2.536102 mse=6.431814
wls_n100_d0_s0.75 lat_rmse=2.541915 mse=6.461334
wls_n100_d0_s1 lat_rmse=2.600357 mse=6.761856
wls_n100_d250_s0.25 lat_rmse=2.673019 mse=7.145031
wls_n100_d250_s0.5 lat_rmse=2.666480 mse=7.110115
wls_n100_d250_s0.75 lat_rmse=2.661146 mse=7.081698
wls_n100_d250_s1 lat_rmse=2.657024 mse=7.059777
wls_n100_d500_s0.25 lat_rmse=2.666726 mse=7.111428
wls_n100_d500_s0.5 lat_rmse=2.655076 mse=7.049426
wls_n100_d500_s0.75 lat_rmse=2.645835 mse=7.000442
wls_n100_d500_s1 lat_rmse=2.639031 mse=6.964483
wls_n100_d1000_s0.25 lat_rmse=2.655982 mse=7.054240
wls_n100_d1000_s0.5 lat_rmse=2.635925 mse=6.948100
wls_n100_d1000_s0.75 lat_rmse=2.620692 mse=6.868029
wls_n100_d1000_s1 lat_rmse=2.610368 mse=6.814022
wls_n100_d2000_s0.25 lat_rmse=2.639316 mse=6.965988
wls_n100_d2000_s0.5 lat_rmse=2.607172 mse=6.797346
wls_n100_d2000_s0.75 lat_rmse=2.584672 mse=6.680532
wls_n100_d2000_s1 lat_rmse=2.572069 mse=6.615539
wls_n100_d5000_s0.25 lat_rmse=2.614267 mse=6.834391
wls_n100_d5000_s0.5 lat_rmse=2.568271 mse=6.596014
wls_n100_d5000_s0.75 lat_rmse=2.543875 mse=6.471301
wls_n100_d5000_s1 lat_rmse=2.541705 mse=6.460263
wls_n200_d0_s0.25 lat_rmse=2.583615 mse=6.675064
wls_n200_d0_s0.5 lat_rmse=2.535951 mse=6.431047
wls_n200_d0_s0.75 lat_rmse=2.540513 mse=6.454206
wls_n200_d0_s1 lat_rmse=2.597073 mse=6.744789
wls_n200_d250_s0.25 lat_rmse=2.673279 mse=7.146421
wls_n200_d250_s0.5 lat_rmse=2.666985 mse=7.112807
wls_n200_d250_s0.75 lat_rmse=2.661879 mse=7.085598
wls_n200_d250_s1 lat_rmse=2.657968 mse=7.064792
wls_n200_d500_s0.25 lat_rmse=2.667096 mse=7.113402
wls_n200_d500_s0.5 lat_rmse=2.655784 mse=7.053187
wls_n200_d500_s0.75 lat_rmse=2.646848 mse=7.005804
wls_n200_d500_s1 lat_rmse=2.640314 mse=6.971259
wls_n200_d1000_s0.25 lat_rmse=2.656379 mse=7.056351
wls_n200_d1000_s0.5 lat_rmse=2.636653 mse=6.951941
wls_n200_d1000_s0.75 lat_rmse=2.621685 mse=6.873231
wls_n200_d1000_s1 lat_rmse=2.611554 mse=6.820216
wls_n200_d2000_s0.25 lat_rmse=2.639642 mse=6.967712
wls_n200_d2000_s0.5 lat_rmse=2.607694 mse=6.800068
wls_n200_d2000_s0.75 lat_rmse=2.585248 mse=6.683510
wls_n200_d2000_s1 lat_rmse=2.572554 mse=6.618033
wls_n200_d5000_s0.25 lat_rmse=2.614537 mse=6.835802
wls_n200_d5000_s0.5 lat_rmse=2.568506 mse=6.597226
wls_n200_d5000_s0.75 lat_rmse=2.543759 mse=6.470709
wls_n200_d5000_s1 lat_rmse=2.540915 mse=6.456248
WINNER {
  "experiment_id": "exp073",
  "phase": "postprocess",
  "base": "exp072",
  "winner": "late_median_n100_decay0_shrink0.5",
  "lat_rmse": 2.534698486328125,
  "lat_mse": 6.424696416594088
}
