base exp084 rmse=2.063044 mse=4.256149
fold0: best_iter=1 rmse_w1=2.055125
fold1: best_iter=1 rmse_w1=2.728048
fold2: best_iter=1 rmse_w1=1.400770
fold3: best_iter=1 rmse_w1=1.420150
fold4: best_iter=1 rmse_w1=2.467131
{
  "experiment_id": "exp085",
  "phase": "residual",
  "base": "exp084",
  "base_rmse": 2.0630435943603516,
  "base_mse": 4.256148872231279,
  "lat_rmse": 2.054075326686364,
  "lat_mse": 4.219225447701692,
  "residual_weight": -0.5,
  "folds": [
    {
      "fold": 0,
      "best_iter": 1,
      "rmse_w1": 2.055124521255493
    },
    {
      "fold": 1,
      "best_iter": 1,
      "rmse_w1": 2.7280478477478027
    },
    {
      "fold": 2,
      "best_iter": 1,
      "rmse_w1": 1.4007697105407715
    },
    {
      "fold": 3,
      "best_iter": 1,
      "rmse_w1": 1.4201500415802002
    },
    {
      "fold": 4,
      "best_iter": 1,
      "rmse_w1": 2.467130661010742
    }
  ],
  "top": [
    {
      "rmse": 2.054075326686364,
      "mse": 4.219225447701692,
      "w": -0.5
    },
    {
      "rmse": 2.054239709728236,
      "mse": 4.219900785024348,
      "w": -0.49
    },
    {
      "rmse": 2.0544047067984255,
      "mse": 4.220578699315524,
      "w": -0.48
    },
    {
      "rmse": 2.0545703177489276,
      "mse": 4.221259190574929,
      "w": -0.47
    },
    {
      "rmse": 2.0547365424312667,
      "mse": 4.221942258802397,
      "w": -0.45999999999999996
    },
    {
      "rmse": 2.05490338069666,
      "mse": 4.222627903998562,
      "w": -0.44999999999999996
    },
    {
      "rmse": 2.055070832395601,
      "mse": 4.223316126163149,
      "w": -0.43999999999999995
    },
    {
      "rmse": 2.0552388973781035,
      "mse": 4.224006925295963,
      "w": -0.42999999999999994
    },
    {
      "rmse": 2.055407575493807,
      "mse": 4.22470030139733,
      "w": -0.41999999999999993
    },
    {
      "rmse": 2.055576866591688,
      "mse": 4.225396254466903,
      "w": -0.4099999999999999
    },
    {
      "rmse": 2.0557467705202397,
      "mse": 4.226094784504395,
      "w": -0.3999999999999999
    },
    {
      "rmse": 2.055917287127797,
      "mse": 4.226795891510921,
      "w": -0.3899999999999999
    },
    {
      "rmse": 2.056088416261708,
      "mse": 4.227499575485579,
      "w": -0.3799999999999999
    },
    {
      "rmse": 2.0562601577691693,
      "mse": 4.228205836428889,
      "w": -0.3699999999999999
    },
    {
      "rmse": 2.0564325114966158,
      "mse": 4.228914674340278,
      "w": -0.3599999999999999
    },
    {
      "rmse": 2.056605477290252,
      "mse": 4.2296260892202655,
      "w": -0.34999999999999987
    },
    {
      "rmse": 2.0567790549954403,
      "mse": 4.230340081067936,
      "w": -0.33999999999999986
    },
    {
      "rmse": 2.0569532444575462,
      "mse": 4.231056649884426,
      "w": -0.32999999999999985
    },
    {
      "rmse": 2.057128045521097,
      "mse": 4.231775795669449,
      "w": -0.31999999999999984
    },
    {
      "rmse": 2.0573034580301064,
      "mse": 4.232497518422634,
      "w": -0.30999999999999983
    },
    {
      "rmse": 2.0574794818282696,
      "mse": 4.233221818144324,
      "w": -0.2999999999999998
    },
    {
      "rmse": 2.057656116758664,
      "mse": 4.233948694834345,
      "w": -0.2899999999999998
    },
    {
      "rmse": 2.0578333626638345,
      "mse": 4.234678148492344,
      "w": -0.2799999999999998
    },
    {
      "rmse": 2.058011219386093,
      "mse": 4.235410179119033,
      "w": -0.2699999999999998
    },
    {
      "rmse": 2.05818968676705,
      "mse": 4.236144786714247,
      "w": -0.2599999999999998
    },
    {
      "rmse": 2.0583687646477893,
      "mse": 4.236881971277666,
      "w": -0.24999999999999978
    },
    {
      "rmse": 2.058548452869023,
      "mse": 4.237621732809449,
      "w": -0.23999999999999977
    },
    {
      "rmse": 2.058728751270978,
      "mse": 4.2383640713097614,
      "w": -0.22999999999999976
    },
    {
      "rmse": 2.0589096596932737,
      "mse": 4.239108986778272,
      "w": -0.21999999999999975
    },
    {
      "rmse": 2.0590911779750822,
      "mse": 4.2398564792148115,
      "w": -0.20999999999999974
    }
  ]
}
